
Running 27 tests using 1 worker

(node:71993) Warning: The 'NO_COLOR' env is ignored due to the 'FORCE_COLOR' env being set.
(Use `node --trace-warnings ...` to show where the warning was created)
(node:71993) Warning: The 'NO_COLOR' env is ignored due to the 'FORCE_COLOR' env being set.
(Use `node --trace-warnings ...` to show where the warning was created)
  ✓   1 [chromium] › e2e/catalog-cart.spec.ts:179:5 › API discovery, customization, add, edit, and reload use canonical prices (995ms)
  ✓   2 [chromium] › e2e/catalog-cart.spec.ts:209:5 › real backend catalog and revisioned cart accept, persist, and edit canonical basket data (1.0s)
  ✓   3 [chromium] › e2e/catalog-cart.spec.ts:231:5 › failed save leaves the last accepted basket visible and keeps intent separately (392ms)
  ✓   4 [chromium] › e2e/catalog-cart.spec.ts:246:5 › two-tab style conflict shows current server basket and requires explicit reapply (452ms)
  ✓   5 [chromium] › e2e/catalog-cart.spec.ts:263:5 › API failure never activates fixture discovery (335ms)
  ✓   6 [chromium] › e2e/checkout-recovery.spec.ts:33:5 › lost accepted response replays the exact key and body into one durable receipt (2.2s)
  ✓   7 [chromium] › e2e/checkout-recovery.spec.ts:107:5 › definitive order API failure keeps the durable basket and never invents confirmation (1.3s)
  ✓   8 [chromium] › e2e/guest-profile-acceptance.spec.ts:21:5 › profile name and forged local id preserve own receipts and cannot access another guest receipt (2.4s)
  ✓   9 [chromium] › e2e/guest-profile-acceptance.spec.ts:84:5 › browser upgrade removes legacy passwords while retaining unrelated preferences (373ms)
  ✓  10 [chromium] › e2e/guest-profile-acceptance.spec.ts:104:5 › blocked checkout recovery cleanup reports that the server guest already rotated (526ms)
  ✓  11 [chromium] › e2e/guest-profile-acceptance.spec.ts:126:5 › receipt gateway preserves bounded pages and rejects foreign cursors (3.9s)
  ✓  12 [chromium] › e2e/orderly.spec.ts:164:5 › search opens restaurant list and restaurant menu page (572ms)
  ✓  13 [chromium] › e2e/orderly.spec.ts:176:5 › customizes an item, reviews payment, and places order (1.5s)
  ✓  14 [chromium] › e2e/orderly.spec.ts:203:5 › demo profile is password-free and cannot silently change guest ownership (487ms)
  ✓  15 [chromium] › e2e/orderly.spec.ts:233:5 › explicit fresh guest reset rotates ownership separately from the demo profile (537ms)
  ✓  16 [chromium] › e2e/orderly.spec.ts:253:5 › restaurant filters open the list page and checkout is disabled when empty (558ms)
  ✓  17 [chromium] › e2e/orderly.spec.ts:263:5 › restaurant discovery shows sort, no-results, and real API error states (738ms)
  ✓  18 [chromium] › e2e/orderly.spec.ts:292:5 › guest session is HttpOnly, opaque, stable on bootstrap, and rotated on reset (263ms)
  ✓  19 [chromium] › e2e/profile-address.spec.ts:35:7 › denied localStorage getter recovers on /sign-in (307ms)
  ✓  20 [chromium] › e2e/profile-address.spec.ts:35:7 › denied localStorage getter recovers on /account (366ms)
  ✓  21 [chromium] › e2e/profile-address.spec.ts:35:7 › denied localStorage getter recovers on /checkout (1.2s)
  ✓  22 [chromium] › e2e/profile-address.spec.ts:64:5 › denied sessionStorage getter blocks new checkout without sending an order (1.2s)
  ✓  23 [chromium] › e2e/profile-address.spec.ts:87:5 › sessionStorage access denied after load rejects submission before the API call (978ms)
  ✓  24 [chromium] › e2e/profile-address.spec.ts:108:5 › unsafe profile return destinations always fall back inside the app (1.9s)
  ✓  25 [chromium] › e2e/profile-address.spec.ts:129:5 › corrupt profile data is recoverable and late recovery does not overwrite deliberate checkout input (1.0s)
  ✓  26 [chromium] › e2e/profile-address.spec.ts:152:5 › disabled profile storage offers an explicit temporary checkout profile without crashing (370ms)
  ✓  27 [chromium] › e2e/profile-address.spec.ts:174:5 › keyboard and 375px checkout preserve the selected address into the durable receipt (1.5s)

  27 passed (28.2s)
