
Running 35 tests using 1 worker

(node:91415) Warning: The 'NO_COLOR' env is ignored due to the 'FORCE_COLOR' env being set.
(Use `node --trace-warnings ...` to show where the warning was created)
(node:91415) Warning: The 'NO_COLOR' env is ignored due to the 'FORCE_COLOR' env being set.
(Use `node --trace-warnings ...` to show where the warning was created)
  ✓   1 [chromium] › e2e/catalog-cart.spec.ts:179:5 › API discovery, customization, add, edit, and reload use canonical prices (1.0s)
  ✓   2 [chromium] › e2e/catalog-cart.spec.ts:209:5 › real backend catalog and revisioned cart accept, persist, and edit canonical basket data (1.1s)
  ✓   3 [chromium] › e2e/catalog-cart.spec.ts:231:5 › failed save leaves the last accepted basket visible and keeps intent separately (415ms)
  ✓   4 [chromium] › e2e/catalog-cart.spec.ts:246:5 › two-tab style conflict shows current server basket and requires explicit reapply (442ms)
  ✓   5 [chromium] › e2e/catalog-cart.spec.ts:263:5 › API failure never activates fixture discovery (268ms)
  ✓   6 [chromium] › e2e/catalog-cart.spec.ts:299:5 › real shared guest tabs conflict, reapply deliberately, and persist removal (1.2s)
  ✓   7 [chromium] › e2e/catalog-cart.spec.ts:322:5 › real cross-restaurant replacement preserves basket on cancel and changes it only on confirmation (843ms)
  ✓   8 [chromium] › e2e/checkout-recovery.spec.ts:34:5 › lost connection accepted response survives reload and replays the exact receipt (1.8s)
  ✓   9 [chromium] › e2e/checkout-recovery.spec.ts:34:5 › lost 500 accepted response survives reload and replays the exact receipt (1.7s)
  ✓  10 [chromium] › e2e/checkout-recovery.spec.ts:34:5 › lost 503 accepted response survives reload and replays the exact receipt (1.7s)
  ✓  11 [chromium] › e2e/checkout-recovery.spec.ts:34:5 › lost malformed accepted response survives reload and replays the exact receipt (1.7s)
  ✓  12 [chromium] › e2e/checkout-recovery.spec.ts:114:5 › definitive order API failure keeps the durable basket and never invents confirmation (897ms)
  ✓  13 [chromium] › e2e/checkout-recovery.spec.ts:168:5 › damaged recovery storage ({broken) blocks a new order while preserving the durable basket (845ms)
  ✓  14 [chromium] › e2e/checkout-recovery.spec.ts:168:5 › damaged recovery storage (empty value) blocks a new order while preserving the durable basket (806ms)
  ✓  15 [chromium] › e2e/checkout-recovery.spec.ts:182:5 › pending submission ignores a second form submit and clears the basket once (845ms)
  ✓  16 [chromium] › e2e/guest-profile-acceptance.spec.ts:21:5 › profile name and forged local id preserve own receipts and cannot access another guest receipt (1.8s)
  ✓  17 [chromium] › e2e/guest-profile-acceptance.spec.ts:84:5 › browser upgrade removes legacy passwords while retaining unrelated preferences (191ms)
  ✓  18 [chromium] › e2e/guest-profile-acceptance.spec.ts:104:5 › blocked checkout recovery cleanup reports that the server guest already rotated (437ms)
  ✓  19 [chromium] › e2e/guest-profile-acceptance.spec.ts:126:5 › receipt gateway preserves bounded pages and rejects foreign cursors (2.7s)
  ✓  20 [chromium] › e2e/orderly.spec.ts:164:5 › search opens restaurant list and restaurant menu page (428ms)
  ✓  21 [chromium] › e2e/orderly.spec.ts:176:5 › customizes an item, reviews payment, and places order (1.2s)
  ✓  22 [chromium] › e2e/orderly.spec.ts:203:5 › demo profile is password-free and cannot silently change guest ownership (361ms)
  ✓  23 [chromium] › e2e/orderly.spec.ts:233:5 › explicit fresh guest reset rotates ownership separately from the demo profile (435ms)
  ✓  24 [chromium] › e2e/orderly.spec.ts:253:5 › restaurant filters open the list page and checkout is disabled when empty (420ms)
  ✓  25 [chromium] › e2e/orderly.spec.ts:263:5 › restaurant discovery shows sort, no-results, and real API error states (464ms)
  ✓  26 [chromium] › e2e/orderly.spec.ts:292:5 › guest session is HttpOnly, opaque, stable on bootstrap, and rotated on reset (193ms)
  ✓  27 [chromium] › e2e/profile-address.spec.ts:35:7 › denied localStorage getter recovers on /sign-in (145ms)
  ✓  28 [chromium] › e2e/profile-address.spec.ts:35:7 › denied localStorage getter recovers on /account (196ms)
  ✓  29 [chromium] › e2e/profile-address.spec.ts:35:7 › denied localStorage getter recovers on /checkout (826ms)
  ✓  30 [chromium] › e2e/profile-address.spec.ts:64:5 › denied sessionStorage getter blocks new checkout without sending an order (835ms)
  ✓  31 [chromium] › e2e/profile-address.spec.ts:87:5 › sessionStorage access denied after load rejects submission before the API call (688ms)
  ✓  32 [chromium] › e2e/profile-address.spec.ts:108:5 › unsafe profile return destinations always fall back inside the app (982ms)
  ✓  33 [chromium] › e2e/profile-address.spec.ts:129:5 › corrupt profile data is recoverable and late recovery does not overwrite deliberate checkout input (852ms)
  ✓  34 [chromium] › e2e/profile-address.spec.ts:152:5 › disabled profile storage offers an explicit temporary checkout profile without crashing (229ms)
  ✓  35 [chromium] › e2e/profile-address.spec.ts:174:5 › keyboard and 375px checkout preserve the selected address into the durable receipt (1.3s)

  35 passed (31.2s)
